// Jest Snapshot v1, https://goo.gl/fbAQLP

exports[`app matches default snapshot 1`] = `
<div
  className="MuiContainer-root MuiContainer-maxWidthMd"
>
  <div
    className="MuiBox-root MuiBox-root-10"
  >
    <div
      className="MuiPaper-root MuiPaper-elevation1 makeStyles-root-1 MuiPaper-rounded"
    >
      <h1
        className="MuiTypography-root MuiTypography-h5 MuiTypography-alignCenter"
      >
        On the Todo
      </h1>
      <p
        className="MuiTypography-root MuiTypography-body1 MuiTypography-alignCenter"
      >
        A Todolist for super busy people
      </p>
      <form
        className="MuiPaper-root MuiPaper-elevation1 makeStyles-root-68 MuiPaper-rounded"
      >
        <div
          className="MuiInputBase-root makeStyles-input-69"
          onClick={[Function]}
        >
          <input
            aria-label="Add new task"
            className="MuiInputBase-input"
            onAnimationStart={[Function]}
            onBlur={[Function]}
            onChange={[Function]}
            onFocus={[Function]}
            placeholder="Add new Task"
            type="text"
          />
        </div>
        <button
          aria-label="submit new task"
          className="MuiButtonBase-root MuiIconButton-root makeStyles-iconButton-70"
          disabled={false}
          onBlur={[Function]}
          onDragLeave={[Function]}
          onFocus={[Function]}
          onKeyDown={[Function]}
          onKeyUp={[Function]}
          onMouseDown={[Function]}
          onMouseLeave={[Function]}
          onMouseUp={[Function]}
          onTouchEnd={[Function]}
          onTouchMove={[Function]}
          onTouchStart={[Function]}
          tabIndex={0}
          type="submit"
        >
          <span
            className="MuiIconButton-label"
          >
            <svg
              aria-hidden="true"
              className="MuiSvgIcon-root"
              focusable="false"
              role="presentation"
              viewBox="0 0 24 24"
            >
              <path
                d="M19 13h-6v6h-2v-6H5v-2h6V5h2v6h6v2z"
              />
            </svg>
          </span>
        </button>
      </form>
      <ul
        className="MuiList-root MuiList-padding"
      >
        <div>
          <hr
            className="MuiDivider-root"
          />
          <div
            aria-disabled={false}
            className="MuiButtonBase-root MuiListItem-root MuiListItem-dense MuiListItem-gutters MuiListItem-button"
            onBlur={[Function]}
            onClick={[Function]}
            onDragLeave={[Function]}
            onFocus={[Function]}
            onKeyDown={[Function]}
            onKeyUp={[Function]}
            onMouseDown={[Function]}
            onMouseLeave={[Function]}
            onMouseUp={[Function]}
            onTouchEnd={[Function]}
            onTouchMove={[Function]}
            onTouchStart={[Function]}
            tabIndex={0}
          >
            <div
              className="MuiListItemIcon-root"
            >
              <span
                aria-disabled={false}
                className="MuiButtonBase-root MuiIconButton-root PrivateSwitchBase-root-142 MuiCheckbox-root MuiCheckbox-colorSecondary PrivateSwitchBase-checked-143 Mui-checked MuiIconButton-colorSecondary MuiIconButton-edgeStart"
                onBlur={[Function]}
                onDragLeave={[Function]}
                onFocus={[Function]}
                onKeyDown={[Function]}
                onKeyUp={[Function]}
                onMouseDown={[Function]}
                onMouseLeave={[Function]}
                onMouseUp={[Function]}
                onTouchEnd={[Function]}
                onTouchMove={[Function]}
                onTouchStart={[Function]}
                tabIndex={null}
              >
                <span
                  className="MuiIconButton-label"
                >
                  <input
                    aria-labelledby="checkbox-list-label-0"
                    checked={true}
                    className="PrivateSwitchBase-input-145"
                    data-indeterminate={false}
                    disabled={false}
                    onChange={[Function]}
                    tabIndex={-1}
                    type="checkbox"
                  />
                  <svg
                    aria-hidden="true"
                    className="MuiSvgIcon-root"
                    focusable="false"
                    role="presentation"
                    viewBox="0 0 24 24"
                  >
                    <path
                      d="M19 3H5c-1.11 0-2 .9-2 2v14c0 1.1.89 2 2 2h14c1.11 0 2-.9 2-2V5c0-1.1-.89-2-2-2zm-9 14l-5-5 1.41-1.41L10 14.17l7.59-7.59L19 8l-9 9z"
                    />
                  </svg>
                </span>
              </span>
            </div>
            <div
              className="MuiListItemText-root MuiListItemText-dense"
              id="checkbox-list-label-0"
            >
              <span
                className="MuiTypography-root MuiListItemText-primary MuiTypography-body2"
              >
                Line item 1
              </span>
            </div>
          </div>
        </div>
        <div>
          <hr
            className="MuiDivider-root"
          />
          <div
            aria-disabled={false}
            className="MuiButtonBase-root MuiListItem-root MuiListItem-dense MuiListItem-gutters MuiListItem-button"
            onBlur={[Function]}
            onClick={[Function]}
            onDragLeave={[Function]}
            onFocus={[Function]}
            onKeyDown={[Function]}
            onKeyUp={[Function]}
            onMouseDown={[Function]}
            onMouseLeave={[Function]}
            onMouseUp={[Function]}
            onTouchEnd={[Function]}
            onTouchMove={[Function]}
            onTouchStart={[Function]}
            tabIndex={0}
          >
            <div
              className="MuiListItemIcon-root"
            >
              <span
                aria-disabled={false}
                className="MuiButtonBase-root MuiIconButton-root PrivateSwitchBase-root-142 MuiCheckbox-root MuiCheckbox-colorSecondary MuiIconButton-colorSecondary MuiIconButton-edgeStart"
                onBlur={[Function]}
                onDragLeave={[Function]}
                onFocus={[Function]}
                onKeyDown={[Function]}
                onKeyUp={[Function]}
                onMouseDown={[Function]}
                onMouseLeave={[Function]}
                onMouseUp={[Function]}
                onTouchEnd={[Function]}
                onTouchMove={[Function]}
                onTouchStart={[Function]}
                tabIndex={null}
              >
                <span
                  className="MuiIconButton-label"
                >
                  <input
                    aria-labelledby="checkbox-list-label-1"
                    checked={false}
                    className="PrivateSwitchBase-input-145"
                    data-indeterminate={false}
                    disabled={false}
                    onChange={[Function]}
                    tabIndex={-1}
                    type="checkbox"
                  />
                  <svg
                    aria-hidden="true"
                    className="MuiSvgIcon-root"
                    focusable="false"
                    role="presentation"
                    viewBox="0 0 24 24"
                  >
                    <path
                      d="M19 5v14H5V5h14m0-2H5c-1.1 0-2 .9-2 2v14c0 1.1.9 2 2 2h14c1.1 0 2-.9 2-2V5c0-1.1-.9-2-2-2z"
                    />
                  </svg>
                </span>
              </span>
            </div>
            <div
              className="MuiListItemText-root MuiListItemText-dense"
              id="checkbox-list-label-1"
            >
              <span
                className="MuiTypography-root MuiListItemText-primary MuiTypography-body2"
              >
                Line item 2
              </span>
            </div>
          </div>
        </div>
        <div>
          <hr
            className="MuiDivider-root"
          />
          <div
            aria-disabled={false}
            className="MuiButtonBase-root MuiListItem-root MuiListItem-dense MuiListItem-gutters MuiListItem-button"
            onBlur={[Function]}
            onClick={[Function]}
            onDragLeave={[Function]}
            onFocus={[Function]}
            onKeyDown={[Function]}
            onKeyUp={[Function]}
            onMouseDown={[Function]}
            onMouseLeave={[Function]}
            onMouseUp={[Function]}
            onTouchEnd={[Function]}
            onTouchMove={[Function]}
            onTouchStart={[Function]}
            tabIndex={0}
          >
            <div
              className="MuiListItemIcon-root"
            >
              <span
                aria-disabled={false}
                className="MuiButtonBase-root MuiIconButton-root PrivateSwitchBase-root-142 MuiCheckbox-root MuiCheckbox-colorSecondary MuiIconButton-colorSecondary MuiIconButton-edgeStart"
                onBlur={[Function]}
                onDragLeave={[Function]}
                onFocus={[Function]}
                onKeyDown={[Function]}
                onKeyUp={[Function]}
                onMouseDown={[Function]}
                onMouseLeave={[Function]}
                onMouseUp={[Function]}
                onTouchEnd={[Function]}
                onTouchMove={[Function]}
                onTouchStart={[Function]}
                tabIndex={null}
              >
                <span
                  className="MuiIconButton-label"
                >
                  <input
                    aria-labelledby="checkbox-list-label-2"
                    checked={false}
                    className="PrivateSwitchBase-input-145"
                    data-indeterminate={false}
                    disabled={false}
                    onChange={[Function]}
                    tabIndex={-1}
                    type="checkbox"
                  />
                  <svg
                    aria-hidden="true"
                    className="MuiSvgIcon-root"
                    focusable="false"
                    role="presentation"
                    viewBox="0 0 24 24"
                  >
                    <path
                      d="M19 5v14H5V5h14m0-2H5c-1.1 0-2 .9-2 2v14c0 1.1.9 2 2 2h14c1.1 0 2-.9 2-2V5c0-1.1-.9-2-2-2z"
                    />
                  </svg>
                </span>
              </span>
            </div>
            <div
              className="MuiListItemText-root MuiListItemText-dense"
              id="checkbox-list-label-2"
            >
              <span
                className="MuiTypography-root MuiListItemText-primary MuiTypography-body2"
              >
                Line item 3
              </span>
            </div>
          </div>
        </div>
        <div>
          <hr
            className="MuiDivider-root"
          />
          <div
            aria-disabled={false}
            className="MuiButtonBase-root MuiListItem-root MuiListItem-dense MuiListItem-gutters MuiListItem-button"
            onBlur={[Function]}
            onClick={[Function]}
            onDragLeave={[Function]}
            onFocus={[Function]}
            onKeyDown={[Function]}
            onKeyUp={[Function]}
            onMouseDown={[Function]}
            onMouseLeave={[Function]}
            onMouseUp={[Function]}
            onTouchEnd={[Function]}
            onTouchMove={[Function]}
            onTouchStart={[Function]}
            tabIndex={0}
          >
            <div
              className="MuiListItemIcon-root"
            >
              <span
                aria-disabled={false}
                className="MuiButtonBase-root MuiIconButton-root PrivateSwitchBase-root-142 MuiCheckbox-root MuiCheckbox-colorSecondary MuiIconButton-colorSecondary MuiIconButton-edgeStart"
                onBlur={[Function]}
                onDragLeave={[Function]}
                onFocus={[Function]}
                onKeyDown={[Function]}
                onKeyUp={[Function]}
                onMouseDown={[Function]}
                onMouseLeave={[Function]}
                onMouseUp={[Function]}
                onTouchEnd={[Function]}
                onTouchMove={[Function]}
                onTouchStart={[Function]}
                tabIndex={null}
              >
                <span
                  className="MuiIconButton-label"
                >
                  <input
                    aria-labelledby="checkbox-list-label-3"
                    checked={false}
                    className="PrivateSwitchBase-input-145"
                    data-indeterminate={false}
                    disabled={false}
                    onChange={[Function]}
                    tabIndex={-1}
                    type="checkbox"
                  />
                  <svg
                    aria-hidden="true"
                    className="MuiSvgIcon-root"
                    focusable="false"
                    role="presentation"
                    viewBox="0 0 24 24"
                  >
                    <path
                      d="M19 5v14H5V5h14m0-2H5c-1.1 0-2 .9-2 2v14c0 1.1.9 2 2 2h14c1.1 0 2-.9 2-2V5c0-1.1-.9-2-2-2z"
                    />
                  </svg>
                </span>
              </span>
            </div>
            <div
              className="MuiListItemText-root MuiListItemText-dense"
              id="checkbox-list-label-3"
            >
              <span
                className="MuiTypography-root MuiListItemText-primary MuiTypography-body2"
              >
                Line item 4
              </span>
            </div>
          </div>
        </div>
      </ul>
    </div>
  </div>
</div>
`;
